######## HL_FMA_VTD_LivingLab_v1  (planned_from_xml_v1.json)
[프레임율] 25.0 Hz
프레임 1788  시간 89s  주행 837m  평균 33.7km/h  최고 50.8km/h
[속도] 구간별 제한 [50] km/h  초과(10%↑) 프레임 0/1788
[리스폰] 0건 []  ✅
[차체 실여유] 최소 +7.66m at 9.9s (493.4,-301.0) [FOLLOW]   접촉 0프레임 · 0.3m미만 0프레임  ✅
=== 완주 ✅ · 신호위반 0건 · 리스폰 0건 · 접촉 0프레임 ===
######## HL_FMA_VTD_LivingLab_v2  (planned_from_xml_v1.json)
[프레임율] 25.0 Hz
프레임 1789  시간 89s  주행 837m  평균 33.7km/h  최고 50.8km/h
[속도] 구간별 제한 [50] km/h  초과(10%↑) 프레임 0/1789
[리스폰] 0건 []  ✅
[차체 실여유] 주행 내내 객체가 하나도 안 잡힘 — 시나리오에 상대차가 없거나 스폰 실패
=== 완주 ✅ · 신호위반 0건 · 리스폰 0건 · 접촉 0프레임 ===
######## HL_FMA_VTD_LivingLab_v3  (planned_from_xml_v1.json)
[프레임율] 25.0 Hz
프레임 1788  시간 89s  주행 837m  평균 33.7km/h  최고 50.8km/h
[속도] 구간별 제한 [50] km/h  초과(10%↑) 프레임 0/1788
[리스폰] 0건 []  ✅
[차체 실여유] 최소 +1.14m at 17.2s (532.5,-345.7) [RED_STOP]   접촉 0프레임 · 0.3m미만 0프레임  ✅
=== 완주 ✅ · 신호위반 0건 · 리스폰 0건 · 접촉 0프레임 ===
######## HL_FMA_VTD_LivingLab_v4  (planned_from_xml_v1.json)
[프레임율] 25.0 Hz
프레임 1789  시간 89s  주행 837m  평균 33.7km/h  최고 51.4km/h
[속도] 구간별 제한 [50] km/h  초과(10%↑) 프레임 0/1789
[리스폰] 0건 []  ✅
[차체 실여유] 최소 +4.25m at 17.9s (541.6,-357.0) [RED_STOP]   접촉 0프레임 · 0.3m미만 0프레임  ✅
=== 완주 ✅ · 신호위반 0건 · 리스폰 0건 · 접촉 0프레임 ===
######## HL_FMA_VTD_LivingLab_v5  (planned_from_xml_v1.json)
[프레임율] 25.0 Hz
프레임 1789  시간 89s  주행 837m  평균 33.7km/h  최고 51.2km/h
[속도] 구간별 제한 [50] km/h  초과(10%↑) 프레임 0/1789
[리스폰] 0건 []  ✅
[차체 실여유] 최소 +2.16m at 12.3s (500.2,-304.2) [YELLOW_STOP+N]   접촉 0프레임 · 0.3m미만 0프레임  ✅
=== 완주 ✅ · 신호위반 0건 · 리스폰 0건 · 접촉 0프레임 ===
######## HL_FMA_VTD_LivingLab_v6  (planned_from_xml_v1.json)
[프레임율] 25.0 Hz
프레임 1788  시간 89s  주행 837m  평균 33.7km/h  최고 50.8km/h
[속도] 구간별 제한 [50] km/h  초과(10%↑) 프레임 0/1788
[리스폰] 0건 []  ✅
[차체 실여유] 최소 +4.19m at 17.8s (541.5,-356.9) [RED_STOP]   접촉 0프레임 · 0.3m미만 0프레임  ✅
=== 완주 ✅ · 신호위반 0건 · 리스폰 0건 · 접촉 0프레임 ===
######## HL_FMA_VTD_LivingLab_v7  (planned_v7.json)
[프레임율] 25.0 Hz
프레임 2460  시간 123s  주행 989m  평균 29.0km/h  최고 41.9km/h
[속도] 구간별 제한 [50] km/h  초과(10%↑) 프레임 0/2460
[리스폰] 0건 []  ✅
[차체 실여유] 최소 +2.11m at 89.0s (908.1,-822.1) [LANE_KEEP]   접촉 0프레임 · 0.3m미만 0프레임  ✅
=== 완주 ✅ · 신호위반 0건 · 리스폰 0건 · 접촉 0프레임 ===
######## HL_FMA_WP9  (planned_wp9.json)
[프레임율] 25.0 Hz
프레임 9237  시간 462s  주행 3309m  평균 25.8km/h  최고 52.3km/h
[속도] 구간별 제한 [30, 50] km/h  초과(10%↑) 프레임 0/9237
[리스폰] 0건 []  ✅
[차체 실여유] 주행 내내 객체가 하나도 안 잡힘 — 시나리오에 상대차가 없거나 스폰 실패
=== 완주 ✅ · 신호위반 0건 · 리스폰 0건 · 접촉 0프레임 ===
######## EV_LEADBRAKE  (planned_from_xml_v1.json)
[프레임율] 25.0 Hz
프레임 1873  시간 94s  주행 837m  평균 32.2km/h  최고 51.9km/h
[속도] 구간별 제한 [50] km/h  초과(10%↑) 프레임 0/1873
[리스폰] 0건 []  ✅
[차체 실여유] 최소 +1.34m at 50.3s (648.7,-492.7) [ADJ_SLOW]   접촉 0프레임 · 0.3m미만 0프레임  ✅
=== 완주 ✅ · 신호위반 0건 · 리스폰 0건 · 접촉 0프레임 ===
######## EV_CUTIN  (planned_from_xml_v1.json)
[프레임율] 25.0 Hz
프레임 1785  시간 89s  주행 837m  평균 33.8km/h  최고 50.8km/h
[속도] 구간별 제한 [50] km/h  초과(10%↑) 프레임 0/1785
[리스폰] 0건 []  ✅
[차체 실여유] 최소 +1.44m at 17.4s (494.1,-296.5) [RED_STOP+N]   접촉 0프레임 · 0.3m미만 0프레임  ✅
=== 완주 ✅ · 신호위반 0건 · 리스폰 0건 · 접촉 0프레임 ===
######## EV_PED  (planned_from_xml_v1.json)
[프레임율] 25.0 Hz
프레임 1784  시간 89s  주행 837m  평균 33.8km/h  최고 51.2km/h
[속도] 구간별 제한 [50] km/h  초과(10%↑) 프레임 0/1784
[리스폰] 0건 []  ✅
[차체 실여유] 최소 +2.16m at 12.7s (499.9,-303.8) [YELLOW_STOP+N]   접촉 0프레임 · 0.3m미만 0프레임  ✅
=== 완주 ✅ · 신호위반 0건 · 리스폰 0건 · 접촉 0프레임 ===
######## EV_OBSTACLE  (planned_from_xml_v1.json)
[프레임율] 25.0 Hz
프레임 1901  시간 95s  주행 837m  평균 31.7km/h  최고 51.4km/h
[속도] 구간별 제한 [50] km/h  초과(10%↑) 프레임 0/1901
[리스폰] 0건 []  ✅
[차체 실여유] 최소 +0.84m at 43.4s (573.1,-396.3) [ADJ_SLOW]   접촉 0프레임 · 0.3m미만 0프레임  ✅
=== 완주 ✅ · 신호위반 0건 · 리스폰 0건 · 접촉 0프레임 ===
######## EV_ONCOMING  (planned_from_xml_v1.json)
[프레임율] 25.0 Hz
프레임 2405  시간 120s  주행 838m  평균 25.1km/h  최고 51.3km/h
[속도] 구간별 제한 [50] km/h  초과(10%↑) 프레임 0/2405
[리스폰] 0건 []  ✅
[차체 실여유] 최소 +1.45m at 70.4s (577.1,-407.0) [OVT:PASS]   접촉 0프레임 · 0.3m미만 0프레임  ✅
=== 완주 ✅ · 신호위반 0건 · 리스폰 0건 · 접촉 0프레임 ===
######## EV_CURVE  (planned_from_xml_v1.json)
[프레임율] 25.0 Hz
프레임 1908  시간 95s  주행 837m  평균 31.6km/h  최고 50.8km/h
[속도] 구간별 제한 [50] km/h  초과(10%↑) 프레임 0/1908
[리스폰] 0건 []  ✅
[차체 실여유] 최소 +1.38m at 81.1s (900.9,-813.0) [ADJ_SLOW]   접촉 0프레임 · 0.3m미만 0프레임  ✅
=== 완주 ✅ · 신호위반 0건 · 리스폰 0건 · 접촉 0프레임 ===
######## EV_REARPASS  (planned_from_xml_v1.json)
[프레임율] 25.0 Hz
프레임 2407  시간 120s  주행 838m  평균 25.1km/h  최고 51.7km/h
[속도] 구간별 제한 [50] km/h  초과(10%↑) 프레임 0/2407
[리스폰] 0건 []  ✅
[차체 실여유] 최소 +1.45m at 69.4s (575.0,-404.5) [OVT:PASS]   접촉 0프레임 · 0.3m미만 0프레임  ✅
=== 완주 ✅ · 신호위반 0건 · 리스폰 0건 · 접촉 0프레임 ===
######## EV_BOTHBLOCK  (planned_from_xml_v1.json)
[프레임율] 25.0 Hz
프레임 2415  시간 121s  주행 838m  평균 25.0km/h  최고 51.1km/h
[속도] 구간별 제한 [50] km/h  초과(10%↑) 프레임 0/2415
[리스폰] 0건 []  ✅
[차체 실여유] 최소 +1.07m at 64.4s (571.0,-393.8) [OVT:PASS]   접촉 0프레임 · 0.3m미만 0프레임  ✅
=== 완주 ✅ · 신호위반 0건 · 리스폰 0건 · 접촉 0프레임 ===
######## EV_COMBO_PASSPED  (planned_from_xml_v1.json)
[프레임율] 25.0 Hz
프레임 2312  시간 116s  주행 840m  평균 26.2km/h  최고 51.3km/h
[속도] 구간별 제한 [50] km/h  초과(10%↑) 프레임 0/2312
[리스폰] 0건 []  ✅
[차체 실여유] 최소 +0.95m at 51.1s (570.3,-403.2) [PED_LANECHANGE]   접촉 0프레임 · 0.3m미만 0프레임  ✅
=== 완주 ✅ · 신호위반 0건 · 리스폰 0건 · 접촉 0프레임 ===
######## EV_COMBO_CHAIN  (planned_from_xml_v1.json)
[프레임율] 25.0 Hz
프레임 1935  시간 97s  주행 837m  평균 31.2km/h  최고 52.1km/h
[속도] 구간별 제한 [50] km/h  초과(10%↑) 프레임 0/1935
[리스폰] 0건 []  ✅
[차체 실여유] 최소 +0.94m at 30.4s (544.0,-360.1) [RED_STOP]   접촉 0프레임 · 0.3m미만 0프레임  ✅
=== 완주 ✅ · 신호위반 0건 · 리스폰 0건 · 접촉 0프레임 ===
======== 회귀 종료: 18/18 판 결과 있음 (예정 18 판)
FULL_DONE
