######## HL_FMA_VTD_LivingLab_v1  (planned_from_xml_v1.json)
[프레임율] 25.0 Hz
프레임 1952  시간 98s  주행 836m  평균 30.8km/h  최고 51.4km/h
[속도] 구간별 제한 [50] km/h  초과(10%↑) 프레임 0/1952
[리스폰] 0건 []  ✅
[차체 실여유] 최소 +7.67m at 10.0s (493.4,-301.0) [FOLLOW]   접촉 0프레임 · 0.3m미만 0프레임  ✅
=== 완주 ✅ · 신호위반 0건 · 리스폰 0건 · 접촉 0프레임 ===
######## HL_FMA_VTD_LivingLab_v2  (planned_from_xml_v1.json)
[프레임율] 25.0 Hz
프레임 1944  시간 97s  주행 836m  평균 31.0km/h  최고 50.8km/h
[속도] 구간별 제한 [50] km/h  초과(10%↑) 프레임 0/1944
[리스폰] 0건 []  ✅
[차체 실여유] 주행 내내 객체가 하나도 안 잡힘 — 시나리오에 상대차가 없거나 스폰 실패
=== 완주 ✅ · 신호위반 0건 · 리스폰 0건 · 접촉 0프레임 ===
######## HL_FMA_VTD_LivingLab_v3  (planned_from_xml_v1.json)
[프레임율] 25.0 Hz
프레임 1943  시간 97s  주행 836m  평균 31.0km/h  최고 50.8km/h
[속도] 구간별 제한 [50] km/h  초과(10%↑) 프레임 0/1943
[리스폰] 0건 []  ✅
[차체 실여유] 최소 +1.14m at 17.3s (532.6,-345.7) [RED_STOP]   접촉 0프레임 · 0.3m미만 0프레임  ✅
=== 완주 ✅ · 신호위반 0건 · 리스폰 0건 · 접촉 0프레임 ===
######## HL_FMA_VTD_LivingLab_v4  (planned_from_xml_v1.json)
[프레임율] 25.0 Hz
프레임 1948  시간 97s  주행 836m  평균 30.9km/h  최고 50.8km/h
[속도] 구간별 제한 [50] km/h  초과(10%↑) 프레임 0/1948
[리스폰] 0건 []  ✅
[차체 실여유] 최소 +3.13m at 17.5s (542.2,-357.8) [RED_STOP]   접촉 0프레임 · 0.3m미만 0프레임  ✅
=== 완주 ✅ · 신호위반 0건 · 리스폰 0건 · 접촉 0프레임 ===
######## HL_FMA_VTD_LivingLab_v5  (planned_from_xml_v1.json)
[프레임율] 25.0 Hz
프레임 1948  시간 97s  주행 836m  평균 30.9km/h  최고 52.0km/h
[속도] 구간별 제한 [50] km/h  초과(10%↑) 프레임 0/1948
[리스폰] 0건 []  ✅
[차체 실여유] 최소 +2.16m at 12.3s (500.3,-304.4) [YELLOW_STOP+N]   접촉 0프레임 · 0.3m미만 0프레임  ✅
=== 완주 ✅ · 신호위반 0건 · 리스폰 0건 · 접촉 0프레임 ===
---- VTD 재시작 (6판째)
재시작 완료
######## HL_FMA_VTD_LivingLab_v6  (planned_from_xml_v1.json)
[프레임율] 25.0 Hz
프레임 1789  시간 89s  주행 836m  평균 33.7km/h  최고 50.8km/h
[속도] 구간별 제한 [50] km/h  초과(10%↑) 프레임 0/1789
[리스폰] 0건 []  ✅
[차체 실여유] 최소 +4.00m at 17.8s (541.7,-357.1) [RED_STOP]   접촉 0프레임 · 0.3m미만 0프레임  ✅
=== 완주 ✅ · 신호위반 0건 · 리스폰 0건 · 접촉 0프레임 ===
######## HL_FMA_VTD_LivingLab_v7  (planned_v7.json)
[프레임율] 25.0 Hz
프레임 2453  시간 123s  주행 992m  평균 29.1km/h  최고 40.8km/h
[속도] 구간별 제한 [50] km/h  초과(10%↑) 프레임 0/2453
[리스폰] 0건 []  ✅
[차체 실여유] 최소 +2.11m at 88.9s (908.0,-822.0) [LANE_KEEP]   접촉 0프레임 · 0.3m미만 0프레임  ✅
=== 완주 ✅ · 신호위반 0건 · 리스폰 0건 · 접촉 0프레임 ===
######## HL_FMA_WP9  (planned_wp9.json)
[프레임율] 25.0 Hz
프레임 9276  시간 464s  주행 3308m  평균 25.7km/h  최고 53.1km/h
[속도] 구간별 제한 [30, 50] km/h  초과(10%↑) 프레임 0/9276
[리스폰] 0건 []  ✅
[차체 실여유] 주행 내내 객체가 하나도 안 잡힘 — 시나리오에 상대차가 없거나 스폰 실패
=== 완주 ✅ · 신호위반 0건 · 리스폰 0건 · 접촉 0프레임 ===
######## EV_LEADBRAKE  (planned_from_xml_v1.json)
[프레임율] 25.0 Hz
프레임 2071  시간 103s  주행 836m  평균 29.1km/h  최고 50.9km/h
[속도] 구간별 제한 [50] km/h  초과(10%↑) 프레임 0/2071
[리스폰] 0건 []  ✅
[차체 실여유] 최소 +1.34m at 50.3s (648.8,-492.7) [ADJ_SLOW]   접촉 0프레임 · 0.3m미만 0프레임  ✅
=== 완주 ✅ · 신호위반 0건 · 리스폰 0건 · 접촉 0프레임 ===
######## EV_CUTIN  (planned_from_xml_v1.json)
[프레임율] 25.0 Hz
프레임 1948  시간 97s  주행 836m  평균 30.9km/h  최고 50.8km/h
[속도] 구간별 제한 [50] km/h  초과(10%↑) 프레임 0/1948
[리스폰] 0건 []  ✅
[차체 실여유] 최소 +1.44m at 17.4s (494.1,-296.5) [RED_STOP+N]   접촉 0프레임 · 0.3m미만 0프레임  ✅
=== 완주 ✅ · 신호위반 0건 · 리스폰 0건 · 접촉 0프레임 ===
---- VTD 재시작 (11판째)
재시작 완료
######## EV_PED  (planned_from_xml_v1.json)
[프레임율] 25.0 Hz
프레임 1869  시간 93s  주행 836m  평균 32.2km/h  최고 51.2km/h
[속도] 구간별 제한 [50] km/h  초과(10%↑) 프레임 0/1869
[리스폰] 0건 []  ✅
[차체 실여유] 최소 +2.16m at 12.6s (499.3,-303.1) [RED_STOP+N]   접촉 0프레임 · 0.3m미만 0프레임  ✅
=== 완주 ✅ · 신호위반 0건 · 리스폰 0건 · 접촉 0프레임 ===
######## EV_OBSTACLE  (planned_from_xml_v1.json)
[프레임율] 25.0 Hz
프레임 2092  시간 105s  주행 836m  평균 28.8km/h  최고 50.7km/h
[속도] 구간별 제한 [50] km/h  초과(10%↑) 프레임 0/2092
[리스폰] 0건 []  ✅
[차체 실여유] 최소 +0.84m at 43.3s (573.1,-396.3) [ADJ_SLOW]   접촉 0프레임 · 0.3m미만 0프레임  ✅
=== 완주 ✅ · 신호위반 0건 · 리스폰 0건 · 접촉 0프레임 ===
######## EV_ONCOMING  (planned_from_xml_v1.json)
[프레임율] 25.0 Hz
프레임 2404  시간 120s  주행 848m  평균 25.4km/h  최고 51.4km/h
[속도] 구간별 제한 [50] km/h  초과(10%↑) 프레임 0/2404
[리스폰] 0건 []  ✅
[차체 실여유] 최소 +1.45m at 70.4s (577.1,-407.0) [OVT:PASS]   접촉 0프레임 · 0.3m미만 0프레임  ✅
=== 완주 ✅ · 신호위반 0건 · 리스폰 0건 · 접촉 0프레임 ===
######## EV_CURVE  (planned_from_xml_v1.json)
[프레임율] 25.0 Hz
프레임 2060  시간 103s  주행 836m  평균 29.3km/h  최고 50.8km/h
[속도] 구간별 제한 [50] km/h  초과(10%↑) 프레임 0/2060
[리스폰] 0건 []  ✅
[차체 실여유] 최소 +1.38m at 81.1s (900.9,-813.0) [ADJ_SLOW]   접촉 0프레임 · 0.3m미만 0프레임  ✅
=== 완주 ✅ · 신호위반 0건 · 리스폰 0건 · 접촉 0프레임 ===
######## EV_REARPASS  (planned_from_xml_v1.json)
[프레임율] 25.0 Hz
프레임 2404  시간 120s  주행 848m  평균 25.4km/h  최고 51.0km/h
[속도] 구간별 제한 [50] km/h  초과(10%↑) 프레임 0/2404
[리스폰] 0건 []  ✅
[차체 실여유] 최소 +1.45m at 70.4s (577.1,-407.0) [OVT:PASS]   접촉 0프레임 · 0.3m미만 0프레임  ✅
=== 완주 ✅ · 신호위반 0건 · 리스폰 0건 · 접촉 0프레임 ===
---- VTD 재시작 (16판째)
재시작 완료
######## EV_BOTHBLOCK  (planned_from_xml_v1.json)
[프레임율] 25.0 Hz
프레임 2146  시간 107s  주행 848m  평균 28.4km/h  최고 51.0km/h
[속도] 구간별 제한 [50] km/h  초과(10%↑) 프레임 0/2146
[리스폰] 0건 []  ✅
[차체 실여유] 최소 +1.09m at 51.1s (571.0,-393.8) [OVT:PASS]   접촉 0프레임 · 0.3m미만 0프레임  ✅
=== 완주 ✅ · 신호위반 0건 · 리스폰 0건 · 접촉 0프레임 ===
######## EV_COMBO_PASSPED  (planned_from_xml_v1.json)
[프레임율] 25.0 Hz
프레임 2258  시간 113s  주행 850m  평균 27.1km/h  최고 51.8km/h
[속도] 구간별 제한 [50] km/h  초과(10%↑) 프레임 0/2258
[리스폰] 0건 []  ✅
[차체 실여유] 최소 +0.95m at 49.0s (570.9,-403.9) [PED_LANECHANGE]   접촉 0프레임 · 0.3m미만 0프레임  ✅
=== 완주 ✅ · 신호위반 0건 · 리스폰 0건 · 접촉 0프레임 ===
######## EV_COMBO_CHAIN  (planned_from_xml_v1.json)
[프레임율] 25.0 Hz
프레임 2113  시간 106s  주행 836m  평균 28.5km/h  최고 50.9km/h
[속도] 구간별 제한 [50] km/h  초과(10%↑) 프레임 0/2113
[리스폰] 0건 []  ✅
[차체 실여유] 최소 +0.94m at 30.3s (544.0,-360.1) [RED_STOP]   접촉 0프레임 · 0.3m미만 0프레임  ✅
=== 완주 ✅ · 신호위반 0건 · 리스폰 0건 · 접촉 0프레임 ===
FULL_DONE
