######## HL_FMA_VTD_LivingLab_v1  (planned_from_xml_v1.json)
[프레임율] 25.0 Hz
프레임 1790  시간 89s  주행 837m  평균 33.7km/h  최고 50.8km/h
[속도] 구간별 제한 [50] km/h  초과(10%↑) 프레임 0/1790
[리스폰] 0건 []  ✅
[차체 실여유] 최소 +7.67m at 9.9s (493.4,-301.0) [FOLLOW]   접촉 0프레임 · 0.3m미만 0프레임  ✅
=== 완주 ✅ · 신호위반 0건 · 리스폰 0건 · 접촉 0프레임 ===
######## HL_FMA_VTD_LivingLab_v2  (planned_from_xml_v1.json)
[프레임율] 25.0 Hz
프레임 1788  시간 89s  주행 837m  평균 33.7km/h  최고 50.8km/h
[속도] 구간별 제한 [50] km/h  초과(10%↑) 프레임 0/1788
[리스폰] 0건 []  ✅
[차체 실여유] 주행 내내 객체가 하나도 안 잡힘 — 시나리오에 상대차가 없거나 스폰 실패
=== 완주 ✅ · 신호위반 0건 · 리스폰 0건 · 접촉 0프레임 ===
######## HL_FMA_VTD_LivingLab_v3  (planned_from_xml_v1.json)
[프레임율] 25.0 Hz
프레임 1790  시간 90s  주행 837m  평균 33.7km/h  최고 50.8km/h
[속도] 구간별 제한 [50] km/h  초과(10%↑) 프레임 0/1790
[리스폰] 0건 []  ✅
[차체 실여유] 최소 +1.11m at 16.9s (531.9,-344.9) [RED_STOP]   접촉 0프레임 · 0.3m미만 0프레임  ✅
=== 완주 ✅ · 신호위반 0건 · 리스폰 0건 · 접촉 0프레임 ===
######## HL_FMA_VTD_LivingLab_v4  (planned_from_xml_v1.json)
[프레임율] 25.0 Hz
프레임 1789  시간 89s  주행 837m  평균 33.7km/h  최고 50.8km/h
[속도] 구간별 제한 [50] km/h  초과(10%↑) 프레임 0/1789
[리스폰] 0건 []  ✅
[차체 실여유] 최소 +4.23m at 17.9s (541.5,-356.9) [RED_STOP]   접촉 0프레임 · 0.3m미만 0프레임  ✅
=== 완주 ✅ · 신호위반 0건 · 리스폰 0건 · 접촉 0프레임 ===
######## HL_FMA_VTD_LivingLab_v5  (planned_from_xml_v1.json)
[프레임율] 25.0 Hz
프레임 1789  시간 89s  주행 837m  평균 33.7km/h  최고 50.8km/h
[속도] 구간별 제한 [50] km/h  초과(10%↑) 프레임 0/1789
[리스폰] 0건 []  ✅
[차체 실여유] 최소 +2.16m at 12.3s (500.2,-304.2) [YELLOW_STOP+N]   접촉 0프레임 · 0.3m미만 0프레임  ✅
=== 완주 ✅ · 신호위반 0건 · 리스폰 0건 · 접촉 0프레임 ===
---- VTD 재시작 (6판째)
재시작 완료
######## HL_FMA_VTD_LivingLab_v6  (planned_from_xml_v1.json)
[프레임율] 25.0 Hz
프레임 1835  시간 92s  주행 837m  평균 32.8km/h  최고 50.8km/h
[속도] 구간별 제한 [50] km/h  초과(10%↑) 프레임 0/1835
[리스폰] 0건 []  ✅
[차체 실여유] 최소 +4.01m at 17.8s (541.7,-357.1) [RED_STOP]   접촉 0프레임 · 0.3m미만 0프레임  ✅
=== 완주 ✅ · 신호위반 0건 · 리스폰 0건 · 접촉 0프레임 ===
######## HL_FMA_VTD_LivingLab_v7  (planned_v7.json)
[프레임율] 25.0 Hz
프레임 2457  시간 123s  주행 989m  평균 29.0km/h  최고 41.1km/h
[속도] 구간별 제한 [50] km/h  초과(10%↑) 프레임 0/2457
[리스폰] 0건 []  ✅
[차체 실여유] 최소 +2.11m at 88.8s (907.5,-821.4) [LANE_KEEP]   접촉 0프레임 · 0.3m미만 0프레임  ✅
=== 완주 ✅ · 신호위반 0건 · 리스폰 0건 · 접촉 0프레임 ===
######## HL_FMA_WP9  (planned_wp9.json)
[프레임율] 25.0 Hz
프레임 9241  시간 462s  주행 3309m  평균 25.8km/h  최고 52.3km/h
[속도] 구간별 제한 [30, 50] km/h  초과(10%↑) 프레임 0/9241
[리스폰] 0건 []  ✅
[차체 실여유] 주행 내내 객체가 하나도 안 잡힘 — 시나리오에 상대차가 없거나 스폰 실패
=== 완주 ✅ · 신호위반 0건 · 리스폰 0건 · 접촉 0프레임 ===
######## EV_LEADBRAKE  (planned_from_xml_v1.json)
[프레임율] 25.0 Hz
프레임 1874  시간 94s  주행 837m  평균 32.1km/h  최고 50.9km/h
[속도] 구간별 제한 [50] km/h  초과(10%↑) 프레임 0/1874
[리스폰] 0건 []  ✅
[차체 실여유] 최소 +1.34m at 50.4s (648.7,-492.7) [ADJ_SLOW]   접촉 0프레임 · 0.3m미만 0프레임  ✅
=== 완주 ✅ · 신호위반 0건 · 리스폰 0건 · 접촉 0프레임 ===
######## EV_CUTIN  (planned_from_xml_v1.json)
[프레임율] 25.0 Hz
프레임 1790  시간 89s  주행 837m  평균 33.7km/h  최고 50.8km/h
[속도] 구간별 제한 [50] km/h  초과(10%↑) 프레임 0/1790
[리스폰] 0건 []  ✅
[차체 실여유] 최소 +1.44m at 17.5s (494.1,-296.6) [RED_STOP+N]   접촉 0프레임 · 0.3m미만 0프레임  ✅
=== 완주 ✅ · 신호위반 0건 · 리스폰 0건 · 접촉 0프레임 ===
---- VTD 재시작 (11판째)
재시작 완료
######## EV_PED  (planned_from_xml_v1.json)
❌ 로드 실패 — 건너뜀(VTD 는 건드리지 않음)
######## EV_OBSTACLE  (planned_from_xml_v1.json)
######## EV_PED  (planned_from_xml_v1.json)
[프레임율] 25.0 Hz
프레임 1784  시간 89s  주행 837m  평균 33.8km/h  최고 50.8km/h
[속도] 구간별 제한 [50] km/h  초과(10%↑) 프레임 0/1784
[리스폰] 0건 []  ✅
[차체 실여유] 최소 +2.16m at 12.7s (499.9,-303.8) [YELLOW_STOP+N]   접촉 0프레임 · 0.3m미만 0프레임  ✅
=== 완주 ✅ · 신호위반 0건 · 리스폰 0건 · 접촉 0프레임 ===
######## EV_OBSTACLE  (planned_from_xml_v1.json)
[프레임율] 25.0 Hz
프레임 1900  시간 95s  주행 837m  평균 31.7km/h  최고 50.7km/h
[속도] 구간별 제한 [50] km/h  초과(10%↑) 프레임 0/1900
[리스폰] 0건 []  ✅
[차체 실여유] 최소 +0.84m at 43.3s (573.1,-396.3) [ADJ_SLOW]   접촉 0프레임 · 0.3m미만 0프레임  ✅
=== 완주 ✅ · 신호위반 0건 · 리스폰 0건 · 접촉 0프레임 ===
######## EV_ONCOMING  (planned_from_xml_v1.json)
[프레임율] 25.0 Hz
프레임 2405  시간 120s  주행 838m  평균 25.1km/h  최고 51.4km/h
[속도] 구간별 제한 [50] km/h  초과(10%↑) 프레임 0/2405
[리스폰] 0건 []  ✅
[차체 실여유] 최소 +1.45m at 69.5s (575.3,-404.8) [OVT:PASS]   접촉 0프레임 · 0.3m미만 0프레임  ✅
=== 완주 ✅ · 신호위반 0건 · 리스폰 0건 · 접촉 0프레임 ===
######## EV_CURVE  (planned_from_xml_v1.json)
[프레임율] 25.0 Hz
프레임 1904  시간 95s  주행 837m  평균 31.7km/h  최고 50.8km/h
[속도] 구간별 제한 [50] km/h  초과(10%↑) 프레임 0/1904
[리스폰] 0건 []  ✅
[차체 실여유] 최소 +1.38m at 81.0s (900.9,-813.0) [ADJ_SLOW]   접촉 0프레임 · 0.3m미만 0프레임  ✅
=== 완주 ✅ · 신호위반 0건 · 리스폰 0건 · 접촉 0프레임 ===
######## EV_REARPASS  (planned_from_xml_v1.json)
[프레임율] 25.0 Hz
프레임 2405  시간 120s  주행 838m  평균 25.1km/h  최고 51.6km/h
[속도] 구간별 제한 [50] km/h  초과(10%↑) 프레임 0/2405
[리스폰] 0건 []  ✅
[차체 실여유] 최소 +1.45m at 70.0s (576.4,-406.1) [OVT:PASS]   접촉 0프레임 · 0.3m미만 0프레임  ✅
=== 완주 ✅ · 신호위반 0건 · 리스폰 0건 · 접촉 0프레임 ===
######## EV_BOTHBLOCK  (planned_from_xml_v1.json)
[프레임율] 25.0 Hz
프레임 2412  시간 121s  주행 838m  평균 25.0km/h  최고 51.1km/h
[속도] 구간별 제한 [50] km/h  초과(10%↑) 프레임 0/2412
[리스폰] 0건 []  ✅
[차체 실여유] 최소 +1.07m at 64.3s (571.0,-393.8) [OVT:PASS]   접촉 0프레임 · 0.3m미만 0프레임  ✅
=== 완주 ✅ · 신호위반 0건 · 리스폰 0건 · 접촉 0프레임 ===
######## EV_COMBO_PASSPED  (planned_from_xml_v1.json)
[프레임율] 25.0 Hz
프레임 2311  시간 116s  주행 840m  평균 26.2km/h  최고 51.3km/h
[속도] 구간별 제한 [50] km/h  초과(10%↑) 프레임 0/2311
[리스폰] 0건 []  ✅
[차체 실여유] 최소 +0.95m at 51.1s (570.3,-403.2) [PED_LANECHANGE]   접촉 0프레임 · 0.3m미만 0프레임  ✅
=== 완주 ✅ · 신호위반 0건 · 리스폰 0건 · 접촉 0프레임 ===
######## EV_COMBO_CHAIN  (planned_from_xml_v1.json)
[프레임율] 25.0 Hz
프레임 1934  시간 97s  주행 837m  평균 31.2km/h  최고 52.2km/h
[속도] 구간별 제한 [50] km/h  초과(10%↑) 프레임 0/1934
[리스폰] 0건 []  ✅
[차체 실여유] 최소 +0.94m at 30.4s (544.0,-360.1) [RED_STOP]   접촉 0프레임 · 0.3m미만 0프레임  ✅
=== 완주 ✅ · 신호위반 0건 · 리스폰 0건 · 접촉 0프레임 ===
REST8_DONE
