######## HL_FMA_VTD_LivingLab_v1  (planned_from_xml_v1.json)
[프레임율] 25.0 Hz
프레임 1789  시간 89s  주행 837m  평균 33.7km/h  최고 50.8km/h
[속도] 구간별 제한 [50] km/h  초과(10%↑) 프레임 0/1789
[리스폰] 0건 []  ✅
[차체 실여유] 최소 +8.01m at 9.9s (493.2,-300.8) [FOLLOW]   접촉 0프레임 · 0.3m미만 0프레임  ✅
=== 완주 ✅ · 신호위반 0건 · 리스폰 0건 · 접촉 0프레임 ===
######## HL_FMA_VTD_LivingLab_v2  (planned_from_xml_v1.json)
[프레임율] 25.0 Hz
프레임 1789  시간 89s  주행 837m  평균 33.7km/h  최고 50.8km/h
[속도] 구간별 제한 [50] km/h  초과(10%↑) 프레임 0/1789
[리스폰] 0건 []  ✅
[차체 실여유] 주행 내내 객체가 하나도 안 잡힘 — 시나리오에 상대차가 없거나 스폰 실패
=== 완주 ✅ · 신호위반 0건 · 리스폰 0건 · 접촉 0프레임 ===
######## HL_FMA_VTD_LivingLab_v3  (planned_from_xml_v1.json)
[프레임율] 25.0 Hz
프레임 1788  시간 89s  주행 837m  평균 33.7km/h  최고 50.8km/h
[속도] 구간별 제한 [50] km/h  초과(10%↑) 프레임 0/1788
[리스폰] 0건 []  ✅
[차체 실여유] 최소 +1.13m at 17.4s (532.6,-345.8) [RED_STOP]   접촉 0프레임 · 0.3m미만 0프레임  ✅
=== 완주 ✅ · 신호위반 0건 · 리스폰 0건 · 접촉 0프레임 ===
######## HL_FMA_VTD_LivingLab_v4  (planned_from_xml_v1.json)
[프레임율] 25.0 Hz
프레임 1789  시간 89s  주행 837m  평균 33.7km/h  최고 50.8km/h
[속도] 구간별 제한 [50] km/h  초과(10%↑) 프레임 0/1789
[리스폰] 0건 []  ✅
[차체 실여유] 최소 +4.24m at 17.8s (541.5,-356.9) [RED_STOP]   접촉 0프레임 · 0.3m미만 0프레임  ✅
=== 완주 ✅ · 신호위반 0건 · 리스폰 0건 · 접촉 0프레임 ===
######## HL_FMA_VTD_LivingLab_v5  (planned_from_xml_v1.json)
[프레임율] 25.0 Hz
프레임 1780  시간 89s  주행 837m  평균 33.9km/h  최고 50.8km/h
[속도] 구간별 제한 [50] km/h  초과(10%↑) 프레임 0/1780
[리스폰] 0건 []  ✅
[차체 실여유] 최소 +2.16m at 12.3s (500.2,-304.2) [YELLOW_STOP+N]   접촉 0프레임 · 0.3m미만 0프레임  ✅
=== 완주 ✅ · 신호위반 0건 · 리스폰 0건 · 접촉 0프레임 ===
######## HL_FMA_VTD_LivingLab_v6  (planned_from_xml_v1.json)
[프레임율] 25.0 Hz
프레임 1787  시간 89s  주행 837m  평균 33.7km/h  최고 51.5km/h
[속도] 구간별 제한 [50] km/h  초과(10%↑) 프레임 0/1787
[리스폰] 0건 []  ✅
[차체 실여유] 최소 +4.19m at 17.8s (541.5,-356.9) [RED_STOP]   접촉 0프레임 · 0.3m미만 0프레임  ✅
=== 완주 ✅ · 신호위반 0건 · 리스폰 0건 · 접촉 0프레임 ===
######## HL_FMA_VTD_LivingLab_v7  (planned_v7.json)
[프레임율] 25.0 Hz
프레임 2458  시간 123s  주행 989m  평균 29.0km/h  최고 41.2km/h
[속도] 구간별 제한 [50] km/h  초과(10%↑) 프레임 0/2458
[리스폰] 0건 []  ✅
[차체 실여유] 최소 +2.11m at 88.9s (907.5,-821.4) [LANE_KEEP]   접촉 0프레임 · 0.3m미만 0프레임  ✅
=== 완주 ✅ · 신호위반 0건 · 리스폰 0건 · 접촉 0프레임 ===
######## HL_FMA_WP9  (planned_wp9.json)
[프레임율] 25.0 Hz
프레임 8016  시간 401s  주행 2712m  평균 24.4km/h  최고 52.3km/h
[속도] 구간별 제한 [30, 50] km/h  초과(10%↑) 프레임 0/8016
[리스폰] 0건 []  ✅
[차체 실여유] 주행 내내 객체가 하나도 안 잡힘 — 시나리오에 상대차가 없거나 스폰 실패
=== 완주 ✅ · 신호위반 0건 · 리스폰 0건 · 접촉 0프레임 ===
######## EV_LEADBRAKE  (planned_from_xml_v1.json)
[프레임율] 25.0 Hz
프레임 1873  시간 94s  주행 837m  평균 32.2km/h  최고 51.5km/h
[속도] 구간별 제한 [50] km/h  초과(10%↑) 프레임 0/1873
[리스폰] 0건 []  ✅
[차체 실여유] 최소 +1.34m at 50.2s (648.7,-492.7) [ADJ_SLOW]   접촉 0프레임 · 0.3m미만 0프레임  ✅
=== 완주 ✅ · 신호위반 0건 · 리스폰 0건 · 접촉 0프레임 ===
######## EV_CUTIN  (planned_from_xml_v1.json)
[프레임율] 25.0 Hz
프레임 1788  시간 89s  주행 837m  평균 33.7km/h  최고 50.8km/h
[속도] 구간별 제한 [50] km/h  초과(10%↑) 프레임 0/1788
[리스폰] 0건 []  ✅
[차체 실여유] 최소 +1.44m at 17.4s (494.1,-296.5) [RED_STOP+N]   접촉 0프레임 · 0.3m미만 0프레임  ✅
=== 완주 ✅ · 신호위반 0건 · 리스폰 0건 · 접촉 0프레임 ===
######## EV_PED  (planned_from_xml_v1.json)
[프레임율] 25.0 Hz
프레임 1784  시간 89s  주행 837m  평균 33.8km/h  최고 51.2km/h
[속도] 구간별 제한 [50] km/h  초과(10%↑) 프레임 0/1784
[리스폰] 0건 []  ✅
[차체 실여유] 최소 +2.16m at 12.7s (499.9,-303.8) [YELLOW_STOP+N]   접촉 0프레임 · 0.3m미만 0프레임  ✅
=== 완주 ✅ · 신호위반 0건 · 리스폰 0건 · 접촉 0프레임 ===
######## EV_OBSTACLE  (planned_from_xml_v1.json)
[프레임율] 25.0 Hz
프레임 1898  시간 95s  주행 837m  평균 31.8km/h  최고 51.4km/h
[속도] 구간별 제한 [50] km/h  초과(10%↑) 프레임 0/1898
[리스폰] 0건 []  ✅
[차체 실여유] 최소 +0.84m at 43.2s (573.1,-396.3) [ADJ_SLOW]   접촉 0프레임 · 0.3m미만 0프레임  ✅
=== 완주 ✅ · 신호위반 0건 · 리스폰 0건 · 접촉 0프레임 ===
######## EV_ONCOMING  (planned_from_xml_v1.json)
[프레임율] 25.0 Hz
프레임 2407  시간 120s  주행 838m  평균 25.1km/h  최고 51.0km/h
[속도] 구간별 제한 [50] km/h  초과(10%↑) 프레임 0/2407
[리스폰] 0건 []  ✅
[차체 실여유] 최소 +1.45m at 70.3s (576.9,-406.7) [OVT:PASS]   접촉 0프레임 · 0.3m미만 0프레임  ✅
=== 완주 ✅ · 신호위반 0건 · 리스폰 0건 · 접촉 0프레임 ===
######## EV_CURVE  (planned_from_xml_v1.json)
[프레임율] 25.0 Hz
프레임 1905  시간 95s  주행 837m  평균 31.7km/h  최고 51.0km/h
[속도] 구간별 제한 [50] km/h  초과(10%↑) 프레임 0/1905
[리스폰] 0건 []  ✅
[차체 실여유] 최소 +1.38m at 81.0s (900.9,-813.0) [ADJ_SLOW]   접촉 0프레임 · 0.3m미만 0프레임  ✅
=== 완주 ✅ · 신호위반 0건 · 리스폰 0건 · 접촉 0프레임 ===
######## EV_REARPASS  (planned_from_xml_v1.json)
[프레임율] 25.0 Hz
프레임 2406  시간 120s  주행 838m  평균 25.1km/h  최고 51.1km/h
[속도] 구간별 제한 [50] km/h  초과(10%↑) 프레임 0/2406
[리스폰] 0건 []  ✅
[차체 실여유] 최소 +1.45m at 69.5s (575.3,-404.8) [OVT:PASS]   접촉 0프레임 · 0.3m미만 0프레임  ✅
=== 완주 ✅ · 신호위반 0건 · 리스폰 0건 · 접촉 0프레임 ===
######## EV_BOTHBLOCK  (planned_from_xml_v1.json)
[프레임율] 25.0 Hz
프레임 2414  시간 121s  주행 838m  평균 25.0km/h  최고 51.1km/h
[속도] 구간별 제한 [50] km/h  초과(10%↑) 프레임 0/2414
[리스폰] 0건 []  ✅
[차체 실여유] 최소 +1.07m at 64.3s (571.0,-393.8) [OVT:PASS]   접촉 0프레임 · 0.3m미만 0프레임  ✅
=== 완주 ✅ · 신호위반 0건 · 리스폰 0건 · 접촉 0프레임 ===
######## EV_COMBO_PASSPED  (planned_from_xml_v1.json)
[프레임율] 25.0 Hz
프레임 2312  시간 116s  주행 840m  평균 26.2km/h  최고 52.2km/h
[속도] 구간별 제한 [50] km/h  초과(10%↑) 프레임 0/2312
[리스폰] 0건 []  ✅
[차체 실여유] 최소 +0.95m at 51.1s (570.3,-403.2) [PED_LANECHANGE]   접촉 0프레임 · 0.3m미만 0프레임  ✅
=== 완주 ✅ · 신호위반 0건 · 리스폰 0건 · 접촉 0프레임 ===
######## EV_COMBO_CHAIN  (planned_from_xml_v1.json)
[프레임율] 25.0 Hz
프레임 1914  시간 96s  주행 837m  평균 31.5km/h  최고 51.4km/h
[속도] 구간별 제한 [50] km/h  초과(10%↑) 프레임 0/1914
[리스폰] 0건 []  ✅
[차체 실여유] 최소 +0.94m at 30.2s (544.0,-360.1) [RED_STOP]   접촉 0프레임 · 0.3m미만 0프레임  ✅
=== 완주 ✅ · 신호위반 0건 · 리스폰 0건 · 접촉 0프레임 ===
======== 회귀 종료: 18/18 판 결과 있음 (예정 18 판)
FULL_DONE
