######## HL_FMA_VTD_LivingLab_v1  (planned_from_xml_v1.json)
[프레임율] 25.0 Hz
프레임 1788  시간 89s  주행 837m  평균 33.7km/h  최고 51.6km/h
[속도] 구간별 제한 [50] km/h  초과(10%↑) 프레임 0/1788
[리스폰] 0건 []  ✅
[차체 실여유] 최소 +8.00m at 9.9s (493.2,-300.8) [FOLLOW]   접촉 0프레임 · 0.3m미만 0프레임  ✅
=== 완주 ✅ · 신호위반 0건 · 리스폰 0건 · 접촉 0프레임 ===
######## HL_FMA_VTD_LivingLab_v2  (planned_from_xml_v1.json)
[프레임율] 25.0 Hz
프레임 1789  시간 89s  주행 837m  평균 33.7km/h  최고 50.8km/h
[속도] 구간별 제한 [50] km/h  초과(10%↑) 프레임 0/1789
[리스폰] 0건 []  ✅
[차체 실여유] 주행 내내 객체가 하나도 안 잡힘 — 시나리오에 상대차가 없거나 스폰 실패
=== 완주 ✅ · 신호위반 0건 · 리스폰 0건 · 접촉 0프레임 ===
######## HL_FMA_VTD_LivingLab_v3  (planned_from_xml_v1.json)
[프레임율] 25.0 Hz
프레임 1790  시간 90s  주행 837m  평균 33.6km/h  최고 51.5km/h
[속도] 구간별 제한 [50] km/h  초과(10%↑) 프레임 0/1790
[리스폰] 0건 []  ✅
[차체 실여유] 최소 +1.12m at 17.0s (532.1,-345.2) [RED_STOP]   접촉 0프레임 · 0.3m미만 0프레임  ✅
=== 완주 ✅ · 신호위반 0건 · 리스폰 0건 · 접촉 0프레임 ===
######## HL_FMA_VTD_LivingLab_v4  (planned_from_xml_v1.json)
[프레임율] 25.0 Hz
프레임 1787  시간 89s  주행 837m  평균 33.7km/h  최고 50.8km/h
[속도] 구간별 제한 [50] km/h  초과(10%↑) 프레임 0/1787
[리스폰] 0건 []  ✅
[차체 실여유] 최소 +4.19m at 17.8s (541.5,-356.9) [RED_STOP]   접촉 0프레임 · 0.3m미만 0프레임  ✅
=== 완주 ✅ · 신호위반 0건 · 리스폰 0건 · 접촉 0프레임 ===
######## HL_FMA_VTD_LivingLab_v5  (planned_from_xml_v1.json)
[프레임율] 25.0 Hz
프레임 1788  시간 89s  주행 837m  평균 33.7km/h  최고 51.9km/h
[속도] 구간별 제한 [50] km/h  초과(10%↑) 프레임 0/1788
[리스폰] 0건 []  ✅
[차체 실여유] 최소 +2.16m at 12.3s (499.9,-303.8) [YELLOW_STOP+N]   접촉 0프레임 · 0.3m미만 0프레임  ✅
=== 완주 ✅ · 신호위반 0건 · 리스폰 0건 · 접촉 0프레임 ===
######## HL_FMA_VTD_LivingLab_v6  (planned_from_xml_v1.json)
[프레임율] 25.0 Hz
프레임 1789  시간 89s  주행 837m  평균 33.7km/h  최고 50.8km/h
[속도] 구간별 제한 [50] km/h  초과(10%↑) 프레임 0/1789
[리스폰] 0건 []  ✅
[차체 실여유] 최소 +4.24m at 17.8s (541.5,-356.9) [RED_STOP]   접촉 0프레임 · 0.3m미만 0프레임  ✅
=== 완주 ✅ · 신호위반 0건 · 리스폰 0건 · 접촉 0프레임 ===
######## HL_FMA_VTD_LivingLab_v7  (planned_v7.json)
[프레임율] 25.0 Hz
프레임 2459  시간 123s  주행 989m  평균 29.0km/h  최고 41.7km/h
[속도] 구간별 제한 [50] km/h  초과(10%↑) 프레임 0/2459
[리스폰] 0건 []  ✅
[차체 실여유] 최소 +2.11m at 88.9s (907.7,-821.7) [LANE_KEEP]   접촉 0프레임 · 0.3m미만 0프레임  ✅
=== 완주 ✅ · 신호위반 0건 · 리스폰 0건 · 접촉 0프레임 ===
######## HL_FMA_WP9  (planned_wp9.json)
[프레임율] 25.0 Hz
프레임 8017  시간 401s  주행 2712m  평균 24.4km/h  최고 52.3km/h
[속도] 구간별 제한 [30, 50] km/h  초과(10%↑) 프레임 0/8017
[리스폰] 0건 []  ✅
[차체 실여유] 주행 내내 객체가 하나도 안 잡힘 — 시나리오에 상대차가 없거나 스폰 실패
=== 완주 ✅ · 신호위반 0건 · 리스폰 0건 · 접촉 0프레임 ===
######## EV_LEADBRAKE  (planned_from_xml_v1.json)
[프레임율] 25.0 Hz
프레임 1872  시간 94s  주행 837m  평균 32.2km/h  최고 50.9km/h
[속도] 구간별 제한 [50] km/h  초과(10%↑) 프레임 0/1872
[리스폰] 0건 []  ✅
[차체 실여유] 최소 +1.34m at 50.2s (648.7,-492.6) [ADJ_SLOW]   접촉 0프레임 · 0.3m미만 0프레임  ✅
=== 완주 ✅ · 신호위반 0건 · 리스폰 0건 · 접촉 0프레임 ===
######## EV_CUTIN  (planned_from_xml_v1.json)
[프레임율] 25.0 Hz
프레임 1788  시간 89s  주행 837m  평균 33.7km/h  최고 50.8km/h
[속도] 구간별 제한 [50] km/h  초과(10%↑) 프레임 0/1788
[리스폰] 0건 []  ✅
[차체 실여유] 최소 +1.44m at 17.4s (493.9,-296.2) [RED_STOP+N]   접촉 0프레임 · 0.3m미만 0프레임  ✅
=== 완주 ✅ · 신호위반 0건 · 리스폰 0건 · 접촉 0프레임 ===
######## EV_PED  (planned_from_xml_v1.json)
[프레임율] 25.0 Hz
프레임 1783  시간 89s  주행 837m  평균 33.8km/h  최고 50.9km/h
[속도] 구간별 제한 [50] km/h  초과(10%↑) 프레임 0/1783
[리스폰] 0건 []  ✅
[차체 실여유] 최소 +2.16m at 12.6s (499.3,-303.1) [YELLOW_STOP+N]   접촉 0프레임 · 0.3m미만 0프레임  ✅
=== 완주 ✅ · 신호위반 0건 · 리스폰 0건 · 접촉 0프레임 ===
######## EV_OBSTACLE  (planned_from_xml_v1.json)
[프레임율] 25.0 Hz
프레임 1898  시간 95s  주행 837m  평균 31.8km/h  최고 50.7km/h
[속도] 구간별 제한 [50] km/h  초과(10%↑) 프레임 0/1898
[리스폰] 0건 []  ✅
[차체 실여유] 최소 +0.84m at 43.2s (573.1,-396.3) [ADJ_SLOW]   접촉 0프레임 · 0.3m미만 0프레임  ✅
=== 완주 ✅ · 신호위반 0건 · 리스폰 0건 · 접촉 0프레임 ===
######## EV_ONCOMING  (planned_from_xml_v1.json)
[프레임율] 25.0 Hz
프레임 2405  시간 120s  주행 838m  평균 25.1km/h  최고 51.1km/h
[속도] 구간별 제한 [50] km/h  초과(10%↑) 프레임 0/2405
[리스폰] 0건 []  ✅
[차체 실여유] 최소 +1.10m at 69.5s (575.6,-404.6) [OVT:PASS]   접촉 0프레임 · 0.3m미만 0프레임  ✅
=== 완주 ✅ · 신호위반 0건 · 리스폰 0건 · 접촉 0프레임 ===
######## EV_CURVE  (planned_from_xml_v1.json)
[프레임율] 25.0 Hz
프레임 1907  시간 95s  주행 837m  평균 31.6km/h  최고 52.1km/h
[속도] 구간별 제한 [50] km/h  초과(10%↑) 프레임 0/1907
[리스폰] 0건 []  ✅
[차체 실여유] 최소 +1.38m at 81.1s (900.9,-813.0) [ADJ_SLOW]   접촉 0프레임 · 0.3m미만 0프레임  ✅
=== 완주 ✅ · 신호위반 0건 · 리스폰 0건 · 접촉 0프레임 ===
######## EV_REARPASS  (planned_from_xml_v1.json)
[프레임율] 25.0 Hz
프레임 2402  시간 120s  주행 838m  평균 25.1km/h  최고 51.1km/h
[속도] 구간별 제한 [50] km/h  초과(10%↑) 프레임 0/2402
[리스폰] 0건 []  ✅
[차체 실여유] 최소 +1.10m at 70.0s (576.8,-406.1) [OVT:PASS]   접촉 0프레임 · 0.3m미만 0프레임  ✅
=== 완주 ✅ · 신호위반 0건 · 리스폰 0건 · 접촉 0프레임 ===
######## EV_BOTHBLOCK  (planned_from_xml_v1.json)
[프레임율] 25.0 Hz
프레임 2411  시간 121s  주행 838m  평균 25.0km/h  최고 51.0km/h
[속도] 구간별 제한 [50] km/h  초과(10%↑) 프레임 0/2411
[리스폰] 0건 []  ✅
[차체 실여유] 최소 +1.06m at 64.3s (571.0,-393.8) [OVT:PASS]   접촉 0프레임 · 0.3m미만 0프레임  ✅
=== 완주 ✅ · 신호위반 0건 · 리스폰 0건 · 접촉 0프레임 ===
######## EV_COMBO_PASSPED  (planned_from_xml_v1.json)
[프레임율] 25.0 Hz
프레임 2310  시간 115s  주행 840m  평균 26.2km/h  최고 51.3km/h
[속도] 구간별 제한 [50] km/h  초과(10%↑) 프레임 0/2310
[리스폰] 0건 []  ✅
[차체 실여유] 최소 +0.95m at 51.0s (570.3,-403.2) [PED_LANECHANGE]   접촉 0프레임 · 0.3m미만 0프레임  ✅
=== 완주 ✅ · 신호위반 0건 · 리스폰 0건 · 접촉 0프레임 ===
######## EV_COMBO_CHAIN  (planned_from_xml_v1.json)
[프레임율] 25.0 Hz
프레임 1935  시간 97s  주행 837m  평균 31.2km/h  최고 50.9km/h
[속도] 구간별 제한 [50] km/h  초과(10%↑) 프레임 0/1935
[리스폰] 0건 []  ✅
[차체 실여유] 최소 +0.94m at 30.3s (544.0,-360.1) [RED_STOP]   접촉 0프레임 · 0.3m미만 0프레임  ✅
=== 완주 ✅ · 신호위반 0건 · 리스폰 0건 · 접촉 0프레임 ===
======== 회귀 종료: 18/18 판 결과 있음 (예정 18 판)
FULL_DONE
