######## HL_FMA_VTD_LivingLab_v1  (planned_from_xml_v1.json)
[프레임율] 25.0 Hz
프레임 1843  시간 92s  주행 836m  평균 32.7km/h  최고 52.3km/h
[속도] 구간별 제한 [50] km/h  초과(10%↑) 프레임 0/1843
[리스폰] 0건 []  ✅
[차체 실여유] 최소 +8.01m at 9.9s (493.2,-300.8) [RED_STOP]   접촉 0프레임 · 0.3m미만 0프레임  ✅
=== 완주 ✅ · 신호위반 0건 · 리스폰 0건 · 접촉 0프레임 ===
######## HL_FMA_VTD_LivingLab_v2  (planned_from_xml_v1.json)
[프레임율] 25.0 Hz
프레임 1984  시간 99s  주행 836m  평균 30.3km/h  최고 52.3km/h
[속도] 구간별 제한 [50] km/h  초과(10%↑) 프레임 0/1984
[리스폰] 0건 []  ✅
[차체 실여유] 주행 내내 객체가 하나도 안 잡힘 — 시나리오에 상대차가 없거나 스폰 실패
=== 완주 ✅ · 신호위반 0건 · 리스폰 0건 · 접촉 0프레임 ===
######## HL_FMA_VTD_LivingLab_v3  (planned_from_xml_v1.json)
[프레임율] 25.0 Hz
프레임 2028  시간 101s  주행 837m  평균 29.7km/h  최고 52.2km/h
[속도] 구간별 제한 [50] km/h  초과(10%↑) 프레임 0/2028
[리스폰] 1건 [(38.1, '0.1m/8°')]  ← ❌건당 감점
[차체 실여유] 최소 +2.23m at 36.3s (549.2,-365.5) [OVT:PASS]   접촉 0프레임 · 0.3m미만 0프레임  ✅
=== 완주 ✅ · 신호위반 0건 · 리스폰 1건 · 접촉 0프레임 ===
######## HL_FMA_VTD_LivingLab_v4  (planned_from_xml_v1.json)
[프레임율] 25.0 Hz
프레임 1980  시간 99s  주행 836m  평균 30.4km/h  최고 52.3km/h
[속도] 구간별 제한 [50] km/h  초과(10%↑) 프레임 0/1980
[리스폰] 0건 []  ✅
[차체 실여유] 최소 +4.01m at 17.1s (538.5,-358.1) [RED_STOP]   접촉 0프레임 · 0.3m미만 0프레임  ✅
=== 완주 ✅ · 신호위반 0건 · 리스폰 0건 · 접촉 0프레임 ===
######## HL_FMA_VTD_LivingLab_v5  (planned_from_xml_v1.json)
[프레임율] 25.0 Hz
프레임 1988  시간 99s  주행 836m  평균 30.3km/h  최고 52.3km/h
[속도] 구간별 제한 [50] km/h  초과(10%↑) 프레임 0/1988
[리스폰] 0건 []  ✅
[차체 실여유] 최소 +2.16m at 12.4s (500.3,-304.4) [YELLOW_STOP+N]   접촉 0프레임 · 0.3m미만 0프레임  ✅
=== 완주 ✅ · 신호위반 0건 · 리스폰 0건 · 접촉 0프레임 ===
---- VTD 재시작 (6판째)
재시작 완료
######## HL_FMA_VTD_LivingLab_v6  (planned_from_xml_v1.json)
[프레임율] 25.0 Hz
프레임 1832  시간 92s  주행 836m  평균 32.9km/h  최고 52.3km/h
[속도] 구간별 제한 [50] km/h  초과(10%↑) 프레임 0/1832
[리스폰] 0건 []  ✅
[차체 실여유] 최소 +4.01m at 17.1s (538.3,-357.8) [RED_STOP]   접촉 0프레임 · 0.3m미만 0프레임  ✅
=== 완주 ✅ · 신호위반 0건 · 리스폰 0건 · 접촉 0프레임 ===
######## HL_FMA_VTD_LivingLab_v7  (planned_v7.json)
[프레임율] 25.0 Hz
프레임 2453  시간 123s  주행 992m  평균 29.1km/h  최고 41.9km/h
[속도] 구간별 제한 [50] km/h  초과(10%↑) 프레임 0/2453
[리스폰] 0건 []  ✅
[차체 실여유] 최소 +2.11m at 90.1s (907.5,-821.4) [LANE_KEEP]   접촉 0프레임 · 0.3m미만 0프레임  ✅
=== 완주 ✅ · 신호위반 0건 · 리스폰 0건 · 접촉 0프레임 ===
######## HL_FMA_WP9  (planned_wp9.json)
[프레임율] 25.0 Hz
프레임 9271  시간 464s  주행 3309m  평균 25.7km/h  최고 52.3km/h
  tl 312  통과시 RED        v= 24.4km/h  (  517.7,  -140.8)  ← ❌신호위반
[속도] 구간별 제한 [30, 50] km/h  초과(10%↑) 프레임 0/9271
[리스폰] 0건 []  ✅
[차체 실여유] 주행 내내 객체가 하나도 안 잡힘 — 시나리오에 상대차가 없거나 스폰 실패
=== 완주 ✅ · 신호위반 1건 · 리스폰 0건 · 접촉 0프레임 ===
######## EV_LEADBRAKE  (planned_from_xml_v1.json)
[프레임율] 25.0 Hz
프레임 2092  시간 105s  주행 836m  평균 28.8km/h  최고 52.3km/h
[속도] 구간별 제한 [50] km/h  초과(10%↑) 프레임 0/2092
[리스폰] 0건 []  ✅
[차체 실여유] 최소 +1.35m at 53.1s (658.6,-505.3) [ADJ_SLOW]   접촉 0프레임 · 0.3m미만 0프레임  ✅
=== 완주 ✅ · 신호위반 0건 · 리스폰 0건 · 접촉 0프레임 ===
######## EV_CUTIN  (planned_from_xml_v1.json)
[프레임율] 25.0 Hz
프레임 1987  시간 99s  주행 837m  평균 30.3km/h  최고 52.3km/h
[속도] 구간별 제한 [50] km/h  초과(10%↑) 프레임 0/1987
[리스폰] 0건 []  ✅
[차체 실여유] 최소 +1.44m at 17.5s (494.1,-296.6) [RED_STOP+N]   접촉 0프레임 · 0.3m미만 0프레임  ✅
=== 완주 ✅ · 신호위반 0건 · 리스폰 0건 · 접촉 0프레임 ===
---- VTD 재시작 (11판째)
재시작 완료
######## EV_PED  (planned_from_xml_v1.json)
[프레임율] 25.0 Hz
프레임 1953  시간 98s  주행 837m  평균 30.8km/h  최고 52.3km/h
[속도] 구간별 제한 [50] km/h  초과(10%↑) 프레임 0/1953
[리스폰] 0건 []  ✅
[차체 실여유] 최소 +2.16m at 12.5s (499.6,-303.5) [RED_STOP+N]   접촉 0프레임 · 0.3m미만 0프레임  ✅
=== 완주 ✅ · 신호위반 0건 · 리스폰 0건 · 접촉 0프레임 ===
######## EV_OBSTACLE  (planned_from_xml_v1.json)
[프레임율] 25.0 Hz
프레임 2100  시간 105s  주행 836m  평균 28.7km/h  최고 51.0km/h
[속도] 구간별 제한 [50] km/h  초과(10%↑) 프레임 0/2100
[리스폰] 0건 []  ✅
[차체 실여유] 최소 +0.85m at 43.8s (573.2,-396.4) [ADJ_SLOW]   접촉 0프레임 · 0.3m미만 0프레임  ✅
=== 완주 ✅ · 신호위반 0건 · 리스폰 0건 · 접촉 0프레임 ===
######## EV_ONCOMING  (planned_from_xml_v1.json)
[프레임율] 25.0 Hz
프레임 2403  시간 120s  주행 849m  평균 25.4km/h  최고 51.0km/h
[속도] 구간별 제한 [50] km/h  초과(10%↑) 프레임 0/2403
[리스폰] 0건 []  ✅
[차체 실여유] 최소 +1.45m at 70.4s (577.1,-407.0) [OVT:PASS]   접촉 0프레임 · 0.3m미만 0프레임  ✅
=== 완주 ✅ · 신호위반 0건 · 리스폰 0건 · 접촉 0프레임 ===
######## EV_CURVE  (planned_from_xml_v1.json)
[프레임율] 25.0 Hz
프레임 2072  시간 104s  주행 836m  평균 29.1km/h  최고 52.8km/h
[속도] 구간별 제한 [50] km/h  초과(10%↑) 프레임 0/2072
[리스폰] 0건 []  ✅
[차체 실여유] 최소 +1.38m at 81.7s (901.0,-813.1) [ADJ_SLOW]   접촉 0프레임 · 0.3m미만 0프레임  ✅
=== 완주 ✅ · 신호위반 0건 · 리스폰 0건 · 접촉 0프레임 ===
######## EV_REARPASS  (planned_from_xml_v1.json)
[프레임율] 25.0 Hz
프레임 2405  시간 120s  주행 848m  평균 25.4km/h  최고 52.6km/h
[속도] 구간별 제한 [50] km/h  초과(10%↑) 프레임 0/2405
[리스폰] 0건 []  ✅
[차체 실여유] 최소 +1.45m at 70.5s (577.1,-407.0) [OVT:PASS]   접촉 0프레임 · 0.3m미만 0프레임  ✅
=== 완주 ✅ · 신호위반 0건 · 리스폰 0건 · 접촉 0프레임 ===
---- VTD 재시작 (16판째)
재시작 완료
######## EV_BOTHBLOCK  (planned_from_xml_v1.json)
[프레임율] 25.0 Hz
프레임 2254  시간 113s  주행 848m  평균 27.1km/h  최고 51.9km/h
[속도] 구간별 제한 [50] km/h  초과(10%↑) 프레임 0/2254
[리스폰] 0건 []  ✅
[차체 실여유] 최소 +1.04m at 56.5s (571.1,-393.8) [OVT:PASS]   접촉 0프레임 · 0.3m미만 0프레임  ✅
=== 완주 ✅ · 신호위반 0건 · 리스폰 0건 · 접촉 0프레임 ===
######## EV_COMBO_PASSPED  (planned_from_xml_v1.json)
[프레임율] 25.0 Hz
프레임 2147  시간 107s  주행 193m  평균 6.5km/h  최고 47.7km/h
[완주] ❌ 미완주 — 마지막 위치가 목표에서 645m (판정 반경 15m)
[속도] 구간별 제한 [50] km/h  초과(10%↑) 프레임 0/2147
[리스폰] 0건 []  ✅
[차체 실여유] 최소 +2.16m at 12.3s (499.9,-303.8) [YELLOW_STOP+N]   접촉 0프레임 · 0.3m미만 0프레임  ✅
=== **미완주** ❌ · 신호위반 0건 · 리스폰 0건 · 접촉 0프레임 ===
######## EV_COMBO_CHAIN  (planned_from_xml_v1.json)
[프레임율] 25.0 Hz
프레임 2154  시간 108s  주행 837m  평균 28.0km/h  최고 52.5km/h
[속도] 구간별 제한 [50] km/h  초과(10%↑) 프레임 0/2154
[리스폰] 0건 []  ✅
[차체 실여유] 최소 +1.35m at 58.3s (677.1,-528.7) [ADJ_SLOW]   접촉 0프레임 · 0.3m미만 0프레임  ✅
=== 완주 ✅ · 신호위반 0건 · 리스폰 0건 · 접촉 0프레임 ===
FULL_DONE
